// Jest Snapshot v1, https://goo.gl/fbAQLP

exports[`Calendar Component should render given date 1`] = `
.c7 {
  overflow: visible;
  font-size: 2rem;
  -webkit-transition: all 100ms linear;
  transition: all 100ms linear;
  cursor: inherit;
}

.c7 * {
  fill-opacity: 1;
  -webkit-transition: all 100ms linear;
  transition: all 100ms linear;
  fill: #607890;
}

.c10 {
  overflow: visible;
  font-size: 2.4rem;
  -webkit-transition: all 100ms linear;
  transition: all 100ms linear;
  cursor: inherit;
}

.c10 * {
  fill-opacity: 1;
  -webkit-transition: all 100ms linear;
  transition: all 100ms linear;
  fill: #607890;
}

.c6 {
  margin: 0;
  color: inherit;
  font-size: 1.2rem;
  font-weight: 600;
  -webkit-letter-spacing: 0rem;
  -moz-letter-spacing: 0rem;
  -ms-letter-spacing: 0rem;
  letter-spacing: 0rem;
  line-height: 1.6rem;
  text-align: initial;
  display: inline-block;
}

.c12 {
  margin: 0;
  color: inherit;
  font-size: 1.4rem;
  font-weight: 700;
  -webkit-letter-spacing: 0rem;
  -moz-letter-spacing: 0rem;
  -ms-letter-spacing: 0rem;
  letter-spacing: 0rem;
  line-height: 2.2rem;
  text-align: initial;
  display: inline-block;
}

.c15 {
  margin: 0;
  color: inherit;
  font-size: 1.4rem;
  font-weight: 400;
  -webkit-letter-spacing: 0rem;
  -moz-letter-spacing: 0rem;
  -ms-letter-spacing: 0rem;
  letter-spacing: 0rem;
  line-height: 2.2rem;
  text-align: initial;
  display: inline-block;
}

.c0 {
  padding: 1.6rem;
  background: #ffffff;
  box-shadow: 0 0.2rem 0.8rem #b0bcc8;
  border-radius: 0.4rem;
  width: -webkit-max-content;
  width: -moz-max-content;
  width: max-content;
  height: -webkit-max-content;
  height: -moz-max-content;
  height: max-content;
}

.c9 {
  border: none;
  background-color: transparent;
  border-radius: 50%;
  padding: 0.8rem;
  outline: none;
  cursor: pointer;
  color: #435465;
  -webkit-transition: all 100ms ease-out;
  transition: all 100ms ease-out;
  display: -webkit-inline-box;
  display: -webkit-inline-flex;
  display: -ms-inline-flexbox;
  display: inline-flex;
  -webkit-box-pack: center;
  -webkit-justify-content: center;
  -ms-flex-pack: center;
  justify-content: center;
  -webkit-align-items: center;
  -webkit-box-align: center;
  -ms-flex-align: center;
  align-items: center;
}

.c9 svg {
  fill: #435465;
}

.c9:not(:disabled):hover {
  background-color: #F7F8F9;
}

.c9:not(:disabled):active {
  background-color: #eff2f4;
}

.c1 {
  width: 100%;
  display: -webkit-box;
  display: -webkit-flex;
  display: -ms-flexbox;
  display: flex;
  -webkit-align-items: center;
  -webkit-box-align: center;
  -ms-flex-align: center;
  align-items: center;
  -webkit-box-pack: justify;
  -webkit-justify-content: space-between;
  -ms-flex-pack: justify;
  justify-content: space-between;
}

.c11 {
  display: grid;
  grid-template-columns: repeat(7,4rem);
  grid-auto-rows: auto;
}

.c14 {
  background-color: transparent;
  border: 0.2rem solid transparent;
  -webkit-text-decoration: none;
  text-decoration: none;
  cursor: pointer;
  -webkit-user-select: none;
  -moz-user-select: none;
  -ms-user-select: none;
  user-select: none;
  border-radius: 50%;
  padding: 0;
  margin: 0.4rem;
  box-sizing: border-box;
  height: 3.2rem;
  color: #b0bcc8;
  display: -webkit-inline-box;
  display: -webkit-inline-flex;
  display: -ms-inline-flexbox;
  display: inline-flex;
  -webkit-box-pack: center;
  -webkit-justify-content: center;
  -ms-flex-pack: center;
  justify-content: center;
  -webkit-align-items: center;
  -webkit-box-align: center;
  -ms-flex-align: center;
  align-items: center;
}

.c14:focus {
  outline: none;
}

.c14:disabled {
  cursor: not-allowed;
  color: #b0bcc8;
}

.c14:hover {
  background-color: #eff2f4;
}

.c16 {
  background-color: transparent;
  border: 0.2rem solid transparent;
  -webkit-text-decoration: none;
  text-decoration: none;
  cursor: pointer;
  -webkit-user-select: none;
  -moz-user-select: none;
  -ms-user-select: none;
  user-select: none;
  border-radius: 50%;
  padding: 0;
  margin: 0.4rem;
  box-sizing: border-box;
  height: 3.2rem;
  display: -webkit-inline-box;
  display: -webkit-inline-flex;
  display: -ms-inline-flexbox;
  display: inline-flex;
  -webkit-box-pack: center;
  -webkit-justify-content: center;
  -ms-flex-pack: center;
  justify-content: center;
  -webkit-align-items: center;
  -webkit-box-align: center;
  -ms-flex-align: center;
  align-items: center;
}

.c16:focus {
  outline: none;
}

.c16:disabled {
  cursor: not-allowed;
  color: #b0bcc8;
}

.c16:hover {
  background-color: #eff2f4;
}

.c16 span {
  font-weight: bold;
}

.c16,
.c16:hover {
  background-color: #3872D2;
  color: #ffffff;
}

.c17 {
  background-color: transparent;
  border: 0.2rem solid transparent;
  -webkit-text-decoration: none;
  text-decoration: none;
  cursor: pointer;
  -webkit-user-select: none;
  -moz-user-select: none;
  -ms-user-select: none;
  user-select: none;
  border-radius: 50%;
  padding: 0;
  margin: 0.4rem;
  box-sizing: border-box;
  height: 3.2rem;
  display: -webkit-inline-box;
  display: -webkit-inline-flex;
  display: -ms-inline-flexbox;
  display: inline-flex;
  -webkit-box-pack: center;
  -webkit-justify-content: center;
  -ms-flex-pack: center;
  justify-content: center;
  -webkit-align-items: center;
  -webkit-box-align: center;
  -ms-flex-align: center;
  align-items: center;
}

.c17:focus {
  outline: none;
}

.c17:disabled {
  cursor: not-allowed;
  color: #b0bcc8;
}

.c17:hover {
  background-color: #eff2f4;
}

.c4 {
  display: -webkit-box;
  display: -webkit-flex;
  display: -ms-flexbox;
  display: flex;
  position: relative;
  -webkit-flex-direction: column;
  -ms-flex-direction: column;
  flex-direction: column;
  width: 100%;
}

.c8 {
  pointer-events: none;
  -webkit-transition: -webkit-transform 200ms ease-out;
  -webkit-transition: transform 200ms ease-out;
  transition: transform 200ms ease-out;
  -webkit-transform: rotate(0deg);
  -ms-transform: rotate(0deg);
  transform: rotate(0deg);
}

.c5 {
  border: none;
  position: relative;
  -webkit-user-select: none;
  -moz-user-select: none;
  -ms-user-select: none;
  user-select: none;
  font-family: inherit;
  -webkit-text-decoration: none;
  text-decoration: none;
  height: 3.2rem;
  padding: 0.7rem 0.4rem 0.9rem 0.8rem;
  width: '100%';
  border-radius: 0.8rem;
  display: -webkit-box;
  display: -webkit-flex;
  display: -ms-flexbox;
  display: flex;
  -webkit-align-items: center;
  -webkit-box-align: center;
  -ms-flex-align: center;
  align-items: center;
  -webkit-box-pack: start;
  -webkit-justify-content: flex-start;
  -ms-flex-pack: start;
  justify-content: flex-start;
}

.c5,
.c5 * {
  cursor: pointer;
}

.c5,
.c5 .sc-975cgx-0 {
  -webkit-transition: all 100ms ease-out;
  transition: all 100ms ease-out;
}

.c5:focus {
  outline: none;
}

.c5:disabled,
.c5:disabled * {
  cursor: not-allowed;
}

.c5:disabled {
  color: #b0bcc8;
  background: #ffffff;
}

.c5:disabled * {
  fill: #b0bcc8;
}

.c5:disabled .sc-975cgx-0 {
  color: #b0bcc8;
}

.c5:not(:disabled):not(:hover) {
  color: #3872D2;
  background: #ffffff;
}

.c5:not(:disabled):not(:hover) * {
  fill: #3872D2;
}

.c5:not(:disabled):not(:hover) .sc-975cgx-0 {
  color: #303C48;
}

.c5:not(:disabled):active {
  color: #275093;
  background: #eff2f4;
}

.c5:not(:disabled):active * {
  fill: #275093;
}

.c5:not(:disabled):active .sc-975cgx-0 {
  color: #13181D;
}

.c5:not(:disabled):not(:active):hover {
  color: #3061B3;
  background: #F7F8F9;
  box-shadow: 0 0.2rem 0.8rem rgba(247,248,249,0.35);
}

.c5:not(:disabled):not(:active):hover * {
  fill: #3061B3;
}

.c5:not(:disabled):not(:active):hover .sc-975cgx-0 {
  color: #303C48;
}

.c3 {
  position: relative;
  display: -webkit-inline-box;
  display: -webkit-inline-flex;
  display: -ms-inline-flexbox;
  display: inline-flex;
  min-width: -webkit-fit-content;
  min-width: -moz-fit-content;
  min-width: fit-content;
  margin: 0.8rem 0.8rem 0.8rem 0;
}

.c3 .sc-17d4s39-0 {
  margin: 0;
  caret-color: transparent;
}

.c3 .sc-17d4s39-0 label {
  pointer-events: none;
}

.c3 .sc-17d4s39-0 div,
.c3 .sc-17d4s39-0 input,
.c3 .sc-17d4s39-0 label {
  cursor: pointer;
}

.c3 .sc-17d4s39-0 .sc-1668uuz-2 {
  -webkit-transition: -webkit-transform 200ms ease-out;
  -webkit-transition: transform 200ms ease-out;
  transition: transform 200ms ease-out;
  -webkit-transform: rotate(0deg);
  -ms-transform: rotate(0deg);
  transform: rotate(0deg);
}

.c2 {
  display: -webkit-box;
  display: -webkit-flex;
  display: -ms-flexbox;
  display: flex;
  margin: 0.5rem 0;
  -webkit-align-items: center;
  -webkit-box-align: center;
  -ms-flex-align: center;
  align-items: center;
  -webkit-box-pack: space-around;
  -webkit-justify-content: space-around;
  -ms-flex-pack: space-around;
  justify-content: space-around;
}

.c2 ul {
  max-height: 20rem;
  overflow: auto;
}

.c2 .sc-17d4s39-0 {
  min-width: unset;
  max-width: 9.5rem;
}

.c2 .sc-17d4s39-0 > div {
  height: 3.5rem;
  padding: 0 0 0 1rem;
}

.c13 {
  -webkit-user-select: none;
  -moz-user-select: none;
  -ms-user-select: none;
  user-select: none;
  text-align: center;
  padding: 0.8rem 1rem;
  margin-bottom: 0.8rem;
}

<div>
  <div
    class="c0"
    id="test-calendar"
  >
    <div
      class="c1"
    >
      <div
        class="c2"
      >
        <div
          class="c3"
          id="test-calendar-month-selector-wrapper"
        >
          <div
            class="c4"
            id="test-calendar-month-selector-button-wrapper"
          >
            <button
              class="c5"
              id="test-calendar-month-selector-button"
              type="button"
            >
              
              <span
                class="c6"
              >
                Jan
              </span>
              <svg
                class="c7 c8"
                fill="none"
                height="1em"
                viewBox="0 0 24 24"
                width="1em"
                xmlns="http://www.w3.org/2000/svg"
              >
                <path
                  d="M12.792 14.97a1 1 0 0 1-1.584 0l-3.165-4.11a1 1 0 0 1 .793-1.61h6.328a1 1 0 0 1 .793 1.61l-3.165 4.11z"
                  fill="#000"
                />
              </svg>
            </button>
          </div>
        </div>
        <div
          class="c3"
          id="test-calendar-year-selector-wrapper"
        >
          <div
            class="c4"
            id="test-calendar-year-selector-button-wrapper"
          >
            <button
              class="c5"
              id="test-calendar-year-selector-button"
              type="button"
            >
              
              <span
                class="c6"
              >
                2020
              </span>
              <svg
                class="c7 c8"
                fill="none"
                height="1em"
                viewBox="0 0 24 24"
                width="1em"
                xmlns="http://www.w3.org/2000/svg"
              >
                <path
                  d="M12.792 14.97a1 1 0 0 1-1.584 0l-3.165-4.11a1 1 0 0 1 .793-1.61h6.328a1 1 0 0 1 .793 1.61l-3.165 4.11z"
                  fill="#000"
                />
              </svg>
            </button>
          </div>
        </div>
      </div>
      <button
        class="c9 calendar-month-navigation-go-back"
        type="button"
      >
        <svg
          class="c10"
          fill="none"
          height="1em"
          title="test-calendar-navigation-backward-icon"
          viewBox="0 0 24 24"
          width="1em"
          xmlns="http://www.w3.org/2000/svg"
        >
          <path
            d="M15 15.875l-3.88-3.88L15 8.115a.996.996 0 1 0-1.41-1.41L9 11.295a.996.996 0 0 0 0 1.41l4.59 4.59c.39.39 1.02.39 1.41 0 .38-.39.39-1.03 0-1.42z"
            fill="#000"
            fill-opacity=".54"
          />
        </svg>
      </button>
      <button
        class="c9 calendar-month-navigation-go-forward"
        type="button"
      >
        <svg
          class="c10"
          fill="none"
          height="1em"
          title="test-calendar-navigation-forward-icon"
          viewBox="0 0 24 24"
          width="1em"
          xmlns="http://www.w3.org/2000/svg"
        >
          <path
            d="M9 15.875l3.88-3.88L9 8.115a.996.996 0 1 1 1.41-1.41l4.59 4.59c.39.39.39 1.02 0 1.41l-4.59 4.59a.996.996 0 0 1-1.41 0c-.38-.39-.39-1.03 0-1.42z"
            fill="#000"
            fill-opacity=".54"
          />
        </svg>
      </button>
    </div>
    <div
      class="c11"
    >
      <strong
        class="c12 c13"
      >
        S
      </strong>
      <strong
        class="c12 c13"
      >
        M
      </strong>
      <strong
        class="c12 c13"
      >
        T
      </strong>
      <strong
        class="c12 c13"
      >
        W
      </strong>
      <strong
        class="c12 c13"
      >
        T
      </strong>
      <strong
        class="c12 c13"
      >
        F
      </strong>
      <strong
        class="c12 c13"
      >
        S
      </strong>
      <button
        class="c14"
        title="Sun Dec 29 2019"
        type="button"
      >
        <span
          class="c15"
        >
          29
        </span>
      </button>
      <button
        class="c14"
        title="Mon Dec 30 2019"
        type="button"
      >
        <span
          class="c15"
        >
          30
        </span>
      </button>
      <button
        class="c14"
        title="Tue Dec 31 2019"
        type="button"
      >
        <span
          class="c15"
        >
          31
        </span>
      </button>
      <button
        class="c16"
        title="Wed Jan 01 2020"
        type="button"
      >
        <span
          class="c15"
        >
          1
        </span>
      </button>
      <button
        class="c17"
        title="Thu Jan 02 2020"
        type="button"
      >
        <span
          class="c15"
        >
          2
        </span>
      </button>
      <button
        class="c17"
        title="Fri Jan 03 2020"
        type="button"
      >
        <span
          class="c15"
        >
          3
        </span>
      </button>
      <button
        class="c17"
        title="Sat Jan 04 2020"
        type="button"
      >
        <span
          class="c15"
        >
          4
        </span>
      </button>
      <button
        class="c17"
        title="Sun Jan 05 2020"
        type="button"
      >
        <span
          class="c15"
        >
          5
        </span>
      </button>
      <button
        class="c17"
        title="Mon Jan 06 2020"
        type="button"
      >
        <span
          class="c15"
        >
          6
        </span>
      </button>
      <button
        class="c17"
        title="Tue Jan 07 2020"
        type="button"
      >
        <span
          class="c15"
        >
          7
        </span>
      </button>
      <button
        class="c17"
        title="Wed Jan 08 2020"
        type="button"
      >
        <span
          class="c15"
        >
          8
        </span>
      </button>
      <button
        class="c17"
        title="Thu Jan 09 2020"
        type="button"
      >
        <span
          class="c15"
        >
          9
        </span>
      </button>
      <button
        class="c17"
        title="Fri Jan 10 2020"
        type="button"
      >
        <span
          class="c15"
        >
          10
        </span>
      </button>
      <button
        class="c17"
        title="Sat Jan 11 2020"
        type="button"
      >
        <span
          class="c15"
        >
          11
        </span>
      </button>
      <button
        class="c17"
        title="Sun Jan 12 2020"
        type="button"
      >
        <span
          class="c15"
        >
          12
        </span>
      </button>
      <button
        class="c17"
        title="Mon Jan 13 2020"
        type="button"
      >
        <span
          class="c15"
        >
          13
        </span>
      </button>
      <button
        class="c17"
        title="Tue Jan 14 2020"
        type="button"
      >
        <span
          class="c15"
        >
          14
        </span>
      </button>
      <button
        class="c17"
        title="Wed Jan 15 2020"
        type="button"
      >
        <span
          class="c15"
        >
          15
        </span>
      </button>
      <button
        class="c17"
        title="Thu Jan 16 2020"
        type="button"
      >
        <span
          class="c15"
        >
          16
        </span>
      </button>
      <button
        class="c17"
        title="Fri Jan 17 2020"
        type="button"
      >
        <span
          class="c15"
        >
          17
        </span>
      </button>
      <button
        class="c17"
        title="Sat Jan 18 2020"
        type="button"
      >
        <span
          class="c15"
        >
          18
        </span>
      </button>
      <button
        class="c17"
        title="Sun Jan 19 2020"
        type="button"
      >
        <span
          class="c15"
        >
          19
        </span>
      </button>
      <button
        class="c17"
        title="Mon Jan 20 2020"
        type="button"
      >
        <span
          class="c15"
        >
          20
        </span>
      </button>
      <button
        class="c17"
        title="Tue Jan 21 2020"
        type="button"
      >
        <span
          class="c15"
        >
          21
        </span>
      </button>
      <button
        class="c17"
        title="Wed Jan 22 2020"
        type="button"
      >
        <span
          class="c15"
        >
          22
        </span>
      </button>
      <button
        class="c17"
        title="Thu Jan 23 2020"
        type="button"
      >
        <span
          class="c15"
        >
          23
        </span>
      </button>
      <button
        class="c17"
        title="Fri Jan 24 2020"
        type="button"
      >
        <span
          class="c15"
        >
          24
        </span>
      </button>
      <button
        class="c17"
        title="Sat Jan 25 2020"
        type="button"
      >
        <span
          class="c15"
        >
          25
        </span>
      </button>
      <button
        class="c17"
        title="Sun Jan 26 2020"
        type="button"
      >
        <span
          class="c15"
        >
          26
        </span>
      </button>
      <button
        class="c17"
        title="Mon Jan 27 2020"
        type="button"
      >
        <span
          class="c15"
        >
          27
        </span>
      </button>
      <button
        class="c17"
        title="Tue Jan 28 2020"
        type="button"
      >
        <span
          class="c15"
        >
          28
        </span>
      </button>
      <button
        class="c17"
        title="Wed Jan 29 2020"
        type="button"
      >
        <span
          class="c15"
        >
          29
        </span>
      </button>
      <button
        class="c17"
        title="Thu Jan 30 2020"
        type="button"
      >
        <span
          class="c15"
        >
          30
        </span>
      </button>
      <button
        class="c17"
        title="Fri Jan 31 2020"
        type="button"
      >
        <span
          class="c15"
        >
          31
        </span>
      </button>
      <button
        class="c14"
        title="Sat Feb 01 2020"
        type="button"
      >
        <span
          class="c15"
        >
          1
        </span>
      </button>
    </div>
  </div>
</div>
`;

exports[`Calendar Component should render properly with with error state 1`] = `
.c7 {
  overflow: visible;
  font-size: 2rem;
  -webkit-transition: all 100ms linear;
  transition: all 100ms linear;
  cursor: inherit;
}

.c7 * {
  fill-opacity: 1;
  -webkit-transition: all 100ms linear;
  transition: all 100ms linear;
  fill: #607890;
}

.c10 {
  overflow: visible;
  font-size: 2.4rem;
  -webkit-transition: all 100ms linear;
  transition: all 100ms linear;
  cursor: inherit;
}

.c10 * {
  fill-opacity: 1;
  -webkit-transition: all 100ms linear;
  transition: all 100ms linear;
  fill: #607890;
}

.c6 {
  margin: 0;
  color: inherit;
  font-size: 1.2rem;
  font-weight: 600;
  -webkit-letter-spacing: 0rem;
  -moz-letter-spacing: 0rem;
  -ms-letter-spacing: 0rem;
  letter-spacing: 0rem;
  line-height: 1.6rem;
  text-align: initial;
  display: inline-block;
}

.c12 {
  margin: 0;
  color: inherit;
  font-size: 1.4rem;
  font-weight: 700;
  -webkit-letter-spacing: 0rem;
  -moz-letter-spacing: 0rem;
  -ms-letter-spacing: 0rem;
  letter-spacing: 0rem;
  line-height: 2.2rem;
  text-align: initial;
  display: inline-block;
}

.c15 {
  margin: 0;
  color: inherit;
  font-size: 1.4rem;
  font-weight: 400;
  -webkit-letter-spacing: 0rem;
  -moz-letter-spacing: 0rem;
  -ms-letter-spacing: 0rem;
  letter-spacing: 0rem;
  line-height: 2.2rem;
  text-align: initial;
  display: inline-block;
}

.c0 {
  padding: 1.6rem;
  background: #ffffff;
  box-shadow: 0 0.2rem 0.8rem #b0bcc8;
  border-radius: 0.4rem;
  width: -webkit-max-content;
  width: -moz-max-content;
  width: max-content;
  height: -webkit-max-content;
  height: -moz-max-content;
  height: max-content;
}

.c9 {
  border: none;
  background-color: transparent;
  border-radius: 50%;
  padding: 0.8rem;
  outline: none;
  cursor: pointer;
  color: #435465;
  -webkit-transition: all 100ms ease-out;
  transition: all 100ms ease-out;
  display: -webkit-inline-box;
  display: -webkit-inline-flex;
  display: -ms-inline-flexbox;
  display: inline-flex;
  -webkit-box-pack: center;
  -webkit-justify-content: center;
  -ms-flex-pack: center;
  justify-content: center;
  -webkit-align-items: center;
  -webkit-box-align: center;
  -ms-flex-align: center;
  align-items: center;
}

.c9 svg {
  fill: #435465;
}

.c9:not(:disabled):hover {
  background-color: #F7F8F9;
}

.c9:not(:disabled):active {
  background-color: #eff2f4;
}

.c1 {
  width: 100%;
  display: -webkit-box;
  display: -webkit-flex;
  display: -ms-flexbox;
  display: flex;
  -webkit-align-items: center;
  -webkit-box-align: center;
  -ms-flex-align: center;
  align-items: center;
  -webkit-box-pack: justify;
  -webkit-justify-content: space-between;
  -ms-flex-pack: justify;
  justify-content: space-between;
}

.c11 {
  display: grid;
  grid-template-columns: repeat(7,4rem);
  grid-auto-rows: auto;
}

.c14 {
  background-color: transparent;
  border: 0.2rem solid transparent;
  -webkit-text-decoration: none;
  text-decoration: none;
  cursor: pointer;
  -webkit-user-select: none;
  -moz-user-select: none;
  -ms-user-select: none;
  user-select: none;
  border-radius: 50%;
  padding: 0;
  margin: 0.4rem;
  box-sizing: border-box;
  height: 3.2rem;
  color: #b0bcc8;
  display: -webkit-inline-box;
  display: -webkit-inline-flex;
  display: -ms-inline-flexbox;
  display: inline-flex;
  -webkit-box-pack: center;
  -webkit-justify-content: center;
  -ms-flex-pack: center;
  justify-content: center;
  -webkit-align-items: center;
  -webkit-box-align: center;
  -ms-flex-align: center;
  align-items: center;
}

.c14:focus {
  outline: none;
}

.c14:disabled {
  cursor: not-allowed;
  color: #b0bcc8;
}

.c14:hover {
  background-color: #eff2f4;
}

.c16 {
  background-color: transparent;
  border: 0.2rem solid transparent;
  -webkit-text-decoration: none;
  text-decoration: none;
  cursor: pointer;
  -webkit-user-select: none;
  -moz-user-select: none;
  -ms-user-select: none;
  user-select: none;
  border-radius: 50%;
  padding: 0;
  margin: 0.4rem;
  box-sizing: border-box;
  height: 3.2rem;
  display: -webkit-inline-box;
  display: -webkit-inline-flex;
  display: -ms-inline-flexbox;
  display: inline-flex;
  -webkit-box-pack: center;
  -webkit-justify-content: center;
  -ms-flex-pack: center;
  justify-content: center;
  -webkit-align-items: center;
  -webkit-box-align: center;
  -ms-flex-align: center;
  align-items: center;
}

.c16:focus {
  outline: none;
}

.c16:disabled {
  cursor: not-allowed;
  color: #b0bcc8;
}

.c16:hover {
  background-color: #eff2f4;
}

.c16 span {
  font-weight: bold;
}

.c16,
.c16:hover {
  background-color: #3872D2;
  color: #ffffff;
}

.c17 {
  background-color: transparent;
  border: 0.2rem solid transparent;
  -webkit-text-decoration: none;
  text-decoration: none;
  cursor: pointer;
  -webkit-user-select: none;
  -moz-user-select: none;
  -ms-user-select: none;
  user-select: none;
  border-radius: 50%;
  padding: 0;
  margin: 0.4rem;
  box-sizing: border-box;
  height: 3.2rem;
  display: -webkit-inline-box;
  display: -webkit-inline-flex;
  display: -ms-inline-flexbox;
  display: inline-flex;
  -webkit-box-pack: center;
  -webkit-justify-content: center;
  -ms-flex-pack: center;
  justify-content: center;
  -webkit-align-items: center;
  -webkit-box-align: center;
  -ms-flex-align: center;
  align-items: center;
}

.c17:focus {
  outline: none;
}

.c17:disabled {
  cursor: not-allowed;
  color: #b0bcc8;
}

.c17:hover {
  background-color: #eff2f4;
}

.c4 {
  display: -webkit-box;
  display: -webkit-flex;
  display: -ms-flexbox;
  display: flex;
  position: relative;
  -webkit-flex-direction: column;
  -ms-flex-direction: column;
  flex-direction: column;
  width: 100%;
}

.c8 {
  pointer-events: none;
  -webkit-transition: -webkit-transform 200ms ease-out;
  -webkit-transition: transform 200ms ease-out;
  transition: transform 200ms ease-out;
  -webkit-transform: rotate(0deg);
  -ms-transform: rotate(0deg);
  transform: rotate(0deg);
}

.c5 {
  border: none;
  position: relative;
  -webkit-user-select: none;
  -moz-user-select: none;
  -ms-user-select: none;
  user-select: none;
  font-family: inherit;
  -webkit-text-decoration: none;
  text-decoration: none;
  height: 3.2rem;
  padding: 0.7rem 0.4rem 0.9rem 0.8rem;
  width: '100%';
  border-radius: 0.8rem;
  display: -webkit-box;
  display: -webkit-flex;
  display: -ms-flexbox;
  display: flex;
  -webkit-align-items: center;
  -webkit-box-align: center;
  -ms-flex-align: center;
  align-items: center;
  -webkit-box-pack: start;
  -webkit-justify-content: flex-start;
  -ms-flex-pack: start;
  justify-content: flex-start;
}

.c5,
.c5 * {
  cursor: pointer;
}

.c5,
.c5 .sc-975cgx-0 {
  -webkit-transition: all 100ms ease-out;
  transition: all 100ms ease-out;
}

.c5:focus {
  outline: none;
}

.c5:disabled,
.c5:disabled * {
  cursor: not-allowed;
}

.c5:disabled {
  color: #b0bcc8;
  background: #ffffff;
}

.c5:disabled * {
  fill: #b0bcc8;
}

.c5:disabled .sc-975cgx-0 {
  color: #b0bcc8;
}

.c5:not(:disabled):not(:hover) {
  color: #D73A43;
  background: #ffffff;
}

.c5:not(:disabled):not(:hover) * {
  fill: #D73A43;
}

.c5:not(:disabled):not(:hover) .sc-975cgx-0 {
  color: #303C48;
}

.c5:not(:disabled):active {
  color: #D73A43;
  background: #eff2f4;
}

.c5:not(:disabled):active * {
  fill: #D73A43;
}

.c5:not(:disabled):active .sc-975cgx-0 {
  color: #13181D;
}

.c5:not(:disabled):not(:active):hover {
  color: #D73A43;
  background: #F7F8F9;
  box-shadow: 0 0.2rem 0.8rem rgba(247,248,249,0.35);
}

.c5:not(:disabled):not(:active):hover * {
  fill: #D73A43;
}

.c5:not(:disabled):not(:active):hover .sc-975cgx-0 {
  color: #303C48;
}

.c3 {
  position: relative;
  display: -webkit-inline-box;
  display: -webkit-inline-flex;
  display: -ms-inline-flexbox;
  display: inline-flex;
  min-width: -webkit-fit-content;
  min-width: -moz-fit-content;
  min-width: fit-content;
  margin: 0.8rem 0.8rem 0.8rem 0;
}

.c3 .sc-17d4s39-0 {
  margin: 0;
  caret-color: transparent;
}

.c3 .sc-17d4s39-0 label {
  pointer-events: none;
}

.c3 .sc-17d4s39-0 div,
.c3 .sc-17d4s39-0 input,
.c3 .sc-17d4s39-0 label {
  cursor: pointer;
}

.c3 .sc-17d4s39-0 .sc-1668uuz-2 {
  -webkit-transition: -webkit-transform 200ms ease-out;
  -webkit-transition: transform 200ms ease-out;
  transition: transform 200ms ease-out;
  -webkit-transform: rotate(0deg);
  -ms-transform: rotate(0deg);
  transform: rotate(0deg);
}

.c2 {
  display: -webkit-box;
  display: -webkit-flex;
  display: -ms-flexbox;
  display: flex;
  margin: 0.5rem 0;
  -webkit-align-items: center;
  -webkit-box-align: center;
  -ms-flex-align: center;
  align-items: center;
  -webkit-box-pack: space-around;
  -webkit-justify-content: space-around;
  -ms-flex-pack: space-around;
  justify-content: space-around;
}

.c2 ul {
  max-height: 20rem;
  overflow: auto;
}

.c2 .sc-17d4s39-0 {
  min-width: unset;
  max-width: 9.5rem;
}

.c2 .sc-17d4s39-0 > div {
  height: 3.5rem;
  padding: 0 0 0 1rem;
}

.c13 {
  -webkit-user-select: none;
  -moz-user-select: none;
  -ms-user-select: none;
  user-select: none;
  text-align: center;
  padding: 0.8rem 1rem;
  margin-bottom: 0.8rem;
}

<div>
  <div
    class="c0"
    id="test-calendar"
  >
    <div
      class="c1"
    >
      <div
        class="c2"
      >
        <div
          class="c3"
          id="test-calendar-month-selector-wrapper"
        >
          <div
            class="c4"
            id="test-calendar-month-selector-button-wrapper"
          >
            <button
              class="c5"
              id="test-calendar-month-selector-button"
              type="button"
            >
              
              <span
                class="c6"
              >
                Jan
              </span>
              <svg
                class="c7 c8"
                fill="none"
                height="1em"
                viewBox="0 0 24 24"
                width="1em"
                xmlns="http://www.w3.org/2000/svg"
              >
                <path
                  d="M12.792 14.97a1 1 0 0 1-1.584 0l-3.165-4.11a1 1 0 0 1 .793-1.61h6.328a1 1 0 0 1 .793 1.61l-3.165 4.11z"
                  fill="#000"
                />
              </svg>
            </button>
            
          </div>
        </div>
        <div
          class="c3"
          id="test-calendar-year-selector-wrapper"
        >
          <div
            class="c4"
            id="test-calendar-year-selector-button-wrapper"
          >
            <button
              class="c5"
              id="test-calendar-year-selector-button"
              type="button"
            >
              
              <span
                class="c6"
              >
                2020
              </span>
              <svg
                class="c7 c8"
                fill="none"
                height="1em"
                viewBox="0 0 24 24"
                width="1em"
                xmlns="http://www.w3.org/2000/svg"
              >
                <path
                  d="M12.792 14.97a1 1 0 0 1-1.584 0l-3.165-4.11a1 1 0 0 1 .793-1.61h6.328a1 1 0 0 1 .793 1.61l-3.165 4.11z"
                  fill="#000"
                />
              </svg>
            </button>
            
          </div>
        </div>
      </div>
      <button
        class="c9 calendar-month-navigation-go-back"
        type="button"
      >
        <svg
          class="c10"
          fill="none"
          height="1em"
          title="test-calendar-navigation-backward-icon"
          viewBox="0 0 24 24"
          width="1em"
          xmlns="http://www.w3.org/2000/svg"
        >
          <path
            d="M15 15.875l-3.88-3.88L15 8.115a.996.996 0 1 0-1.41-1.41L9 11.295a.996.996 0 0 0 0 1.41l4.59 4.59c.39.39 1.02.39 1.41 0 .38-.39.39-1.03 0-1.42z"
            fill="#000"
            fill-opacity=".54"
          />
        </svg>
      </button>
      <button
        class="c9 calendar-month-navigation-go-forward"
        type="button"
      >
        <svg
          class="c10"
          fill="none"
          height="1em"
          title="test-calendar-navigation-forward-icon"
          viewBox="0 0 24 24"
          width="1em"
          xmlns="http://www.w3.org/2000/svg"
        >
          <path
            d="M9 15.875l3.88-3.88L9 8.115a.996.996 0 1 1 1.41-1.41l4.59 4.59c.39.39.39 1.02 0 1.41l-4.59 4.59a.996.996 0 0 1-1.41 0c-.38-.39-.39-1.03 0-1.42z"
            fill="#000"
            fill-opacity=".54"
          />
        </svg>
      </button>
    </div>
    <div
      class="c11"
    >
      <strong
        class="c12 c13"
      >
        S
      </strong>
      <strong
        class="c12 c13"
      >
        M
      </strong>
      <strong
        class="c12 c13"
      >
        T
      </strong>
      <strong
        class="c12 c13"
      >
        W
      </strong>
      <strong
        class="c12 c13"
      >
        T
      </strong>
      <strong
        class="c12 c13"
      >
        F
      </strong>
      <strong
        class="c12 c13"
      >
        S
      </strong>
      <button
        class="c14"
        title="Sun Dec 29 2019"
        type="button"
      >
        <span
          class="c15"
        >
          29
        </span>
      </button>
      <button
        class="c14"
        title="Mon Dec 30 2019"
        type="button"
      >
        <span
          class="c15"
        >
          30
        </span>
      </button>
      <button
        class="c14"
        title="Tue Dec 31 2019"
        type="button"
      >
        <span
          class="c15"
        >
          31
        </span>
      </button>
      <button
        class="c16"
        title="Wed Jan 01 2020"
        type="button"
      >
        <span
          class="c15"
        >
          1
        </span>
      </button>
      <button
        class="c17"
        title="Thu Jan 02 2020"
        type="button"
      >
        <span
          class="c15"
        >
          2
        </span>
      </button>
      <button
        class="c17"
        title="Fri Jan 03 2020"
        type="button"
      >
        <span
          class="c15"
        >
          3
        </span>
      </button>
      <button
        class="c17"
        title="Sat Jan 04 2020"
        type="button"
      >
        <span
          class="c15"
        >
          4
        </span>
      </button>
      <button
        class="c17"
        title="Sun Jan 05 2020"
        type="button"
      >
        <span
          class="c15"
        >
          5
        </span>
      </button>
      <button
        class="c17"
        title="Mon Jan 06 2020"
        type="button"
      >
        <span
          class="c15"
        >
          6
        </span>
      </button>
      <button
        class="c17"
        title="Tue Jan 07 2020"
        type="button"
      >
        <span
          class="c15"
        >
          7
        </span>
      </button>
      <button
        class="c17"
        title="Wed Jan 08 2020"
        type="button"
      >
        <span
          class="c15"
        >
          8
        </span>
      </button>
      <button
        class="c17"
        title="Thu Jan 09 2020"
        type="button"
      >
        <span
          class="c15"
        >
          9
        </span>
      </button>
      <button
        class="c17"
        title="Fri Jan 10 2020"
        type="button"
      >
        <span
          class="c15"
        >
          10
        </span>
      </button>
      <button
        class="c17"
        title="Sat Jan 11 2020"
        type="button"
      >
        <span
          class="c15"
        >
          11
        </span>
      </button>
      <button
        class="c17"
        title="Sun Jan 12 2020"
        type="button"
      >
        <span
          class="c15"
        >
          12
        </span>
      </button>
      <button
        class="c17"
        title="Mon Jan 13 2020"
        type="button"
      >
        <span
          class="c15"
        >
          13
        </span>
      </button>
      <button
        class="c17"
        title="Tue Jan 14 2020"
        type="button"
      >
        <span
          class="c15"
        >
          14
        </span>
      </button>
      <button
        class="c17"
        title="Wed Jan 15 2020"
        type="button"
      >
        <span
          class="c15"
        >
          15
        </span>
      </button>
      <button
        class="c17"
        title="Thu Jan 16 2020"
        type="button"
      >
        <span
          class="c15"
        >
          16
        </span>
      </button>
      <button
        class="c17"
        title="Fri Jan 17 2020"
        type="button"
      >
        <span
          class="c15"
        >
          17
        </span>
      </button>
      <button
        class="c17"
        title="Sat Jan 18 2020"
        type="button"
      >
        <span
          class="c15"
        >
          18
        </span>
      </button>
      <button
        class="c17"
        title="Sun Jan 19 2020"
        type="button"
      >
        <span
          class="c15"
        >
          19
        </span>
      </button>
      <button
        class="c17"
        title="Mon Jan 20 2020"
        type="button"
      >
        <span
          class="c15"
        >
          20
        </span>
      </button>
      <button
        class="c17"
        title="Tue Jan 21 2020"
        type="button"
      >
        <span
          class="c15"
        >
          21
        </span>
      </button>
      <button
        class="c17"
        title="Wed Jan 22 2020"
        type="button"
      >
        <span
          class="c15"
        >
          22
        </span>
      </button>
      <button
        class="c17"
        title="Thu Jan 23 2020"
        type="button"
      >
        <span
          class="c15"
        >
          23
        </span>
      </button>
      <button
        class="c17"
        title="Fri Jan 24 2020"
        type="button"
      >
        <span
          class="c15"
        >
          24
        </span>
      </button>
      <button
        class="c17"
        title="Sat Jan 25 2020"
        type="button"
      >
        <span
          class="c15"
        >
          25
        </span>
      </button>
      <button
        class="c17"
        title="Sun Jan 26 2020"
        type="button"
      >
        <span
          class="c15"
        >
          26
        </span>
      </button>
      <button
        class="c17"
        title="Mon Jan 27 2020"
        type="button"
      >
        <span
          class="c15"
        >
          27
        </span>
      </button>
      <button
        class="c17"
        title="Tue Jan 28 2020"
        type="button"
      >
        <span
          class="c15"
        >
          28
        </span>
      </button>
      <button
        class="c17"
        title="Wed Jan 29 2020"
        type="button"
      >
        <span
          class="c15"
        >
          29
        </span>
      </button>
      <button
        class="c17"
        title="Thu Jan 30 2020"
        type="button"
      >
        <span
          class="c15"
        >
          30
        </span>
      </button>
      <button
        class="c17"
        title="Fri Jan 31 2020"
        type="button"
      >
        <span
          class="c15"
        >
          31
        </span>
      </button>
      <button
        class="c14"
        title="Sat Feb 01 2020"
        type="button"
      >
        <span
          class="c15"
        >
          1
        </span>
      </button>
    </div>
  </div>
</div>
`;
