// Jest Snapshot v1, https://goo.gl/fbAQLP

exports[`Checkbox component should render correctly with all the default props 1`] = `
.c0 {
  margin: 0.8rem 0.8rem 0.8rem 0;
  display: inline-grid;
  -webkit-align-items: center;
  -webkit-box-align: center;
  -ms-flex-align: center;
  align-items: center;
  grid-template-columns: max-content minmax(max-content,25%);
  grid-template-areas: 'field label' 'description random';
  grid-template-columns: auto;
  grid-template-areas: 'field' 'description';
}

.c0 .sc-12atfcu-0 {
  display: -webkit-inline-box;
  display: -webkit-inline-flex;
  display: -ms-inline-flexbox;
  display: inline-flex;
  -webkit-align-items: center;
  -webkit-box-align: center;
  -ms-flex-align: center;
  align-items: center;
  -webkit-flex-direction: row-reverse;
  -ms-flex-direction: row-reverse;
  flex-direction: row-reverse;
}

.c1 {
  grid-area: field;
  -webkit-flex-wrap: wrap;
  -ms-flex-wrap: wrap;
  flex-wrap: wrap;
  margin-left: 0px;
  position: relative;
  width: calc(24px * 2);
  height: 24px;
  border-radius: 1.5rem;
  background-color: #dfe4e9;
}

.c1:focus-within {
  box-shadow: 0 0 0 1pt #012040;
}

.c1 > * {
  width: 100%;
  height: 100%;
  border-radius: 1.5rem;
}

.c4 {
  position: relative;
  width: 100%;
  overflow: hidden;
  display: -webkit-box;
  display: -webkit-flex;
  display: -ms-flexbox;
  display: flex;
  -webkit-align-items: flex-end;
  -webkit-box-align: flex-end;
  -ms-flex-align: flex-end;
  align-items: flex-end;
}

.c6 {
  z-index: 1;
  position: absolute;
  height: calc(24px - 0.6rem);
  width: calc(24px - 0.6rem);
  margin: 0.3rem;
  border-radius: 50%;
  background: #ffffff;
  box-shadow: 0.1rem 0.3rem 0.3rem 0.1rem rgba(0,0,0,0.2);
  -webkit-transition: 0.2s;
  transition: 0.2s;
}

.c2 {
  opacity: 0;
  z-index: 2;
  margin: 0;
  position: absolute;
  cursor: pointer;
}

.c2:focus {
  outline: none;
}

.c2:disabled {
  cursor: not-allowed;
}

.c2:disabled + .c3 {
  background: #C7D0D8;
}

.c2:checked + .c3 {
  background: #012040;
}

.c2:checked + .c3 .c5 {
  margin-left: calc((24px) + 0.3rem);
}

.c2:checked + .c3 .sc-1oxfop0-2 {
  color: #ffffff;
  opacity: 0;
  right: calc((-24px) + 0.3rem);
}

.c2:checked + .c3 .sc-1oxfop0-3 {
  opacity: 1;
  position: absolute;
  left: 0;
}

<div>
  <div
    class="c0"
    id="medly-toggle-checkbox"
  >
    
    <div
      class="sc-12atfcu-0 c1"
    >
      <input
        class="c2"
        id=""
        name="gender"
        type="checkbox"
      />
      <div
        class="c3 c4"
      >
        <div
          class="c5 c6"
        />
      </div>
    </div>
  </div>
</div>
`;

exports[`Checkbox component should render correctly with all the props given 1`] = `
.c1 {
  color: #13181D;
  font-size: 1.4rem;
  font-weight: 400;
  -webkit-letter-spacing: 0rem;
  -moz-letter-spacing: 0rem;
  -ms-letter-spacing: 0rem;
  letter-spacing: 0rem;
  line-height: 2.2rem;
  margin: 0px 0px 0px 0.8rem;
  cursor: not-allowed;
}

.c2 {
  grid-area: label;
  -webkit-align-self: center;
  -ms-flex-item-align: center;
  align-self: center;
  -webkit-user-select: none;
  -moz-user-select: none;
  -ms-user-select: none;
  user-select: none;
}

.c0 {
  margin: 0.8rem 0;
  display: grid;
  -webkit-align-items: center;
  -webkit-box-align: center;
  -ms-flex-align: center;
  align-items: center;
  grid-template-columns: max-content minmax(max-content,25%);
  grid-template-areas: 'field label' 'description random';
}

.c0 .sc-12atfcu-0 {
  display: -webkit-box;
  display: -webkit-flex;
  display: -ms-flexbox;
  display: flex;
  -webkit-align-items: center;
  -webkit-box-align: center;
  -ms-flex-align: center;
  align-items: center;
  -webkit-flex-direction: row-reverse;
  -ms-flex-direction: row-reverse;
  flex-direction: row-reverse;
}

.c3 {
  grid-area: field;
  -webkit-flex-wrap: wrap;
  -ms-flex-wrap: wrap;
  flex-wrap: wrap;
  margin-left: 0px;
  position: relative;
  width: calc(28px * 2);
  height: 28px;
  border-radius: 1.5rem;
  background-color: #dfe4e9;
}

.c3:focus-within {
  box-shadow: 0 0 0 1pt #012040;
}

.c3 > * {
  width: 100%;
  height: 100%;
  border-radius: 1.5rem;
}

.c6 {
  position: relative;
  width: 100%;
  overflow: hidden;
  display: -webkit-box;
  display: -webkit-flex;
  display: -ms-flexbox;
  display: flex;
  -webkit-align-items: flex-end;
  -webkit-box-align: flex-end;
  -ms-flex-align: flex-end;
  align-items: flex-end;
}

.c8 {
  z-index: 1;
  position: absolute;
  height: calc(28px - 0.6rem);
  width: calc(28px - 0.6rem);
  margin: 0.3rem;
  border-radius: 50%;
  background: #ffffff;
  box-shadow: 0.1rem 0.3rem 0.3rem 0.1rem rgba(0,0,0,0.2);
  -webkit-transition: 0.2s;
  transition: 0.2s;
}

.c4 {
  opacity: 0;
  z-index: 2;
  margin: 0;
  position: absolute;
  cursor: pointer;
}

.c4:focus {
  outline: none;
}

.c4:disabled {
  cursor: not-allowed;
}

.c4:disabled + .c5 {
  background: #C7D0D8;
}

.c4:checked + .c5 {
  background: #012040;
}

.c4:checked + .c5 .c7 {
  margin-left: calc((28px) + 0.3rem);
}

.c4:checked + .c5 .sc-1oxfop0-2 {
  color: #ffffff;
  opacity: 0;
  right: calc((-28px) + 0.3rem);
}

.c4:checked + .c5 .sc-1oxfop0-3 {
  opacity: 1;
  position: absolute;
  left: 0;
}

<div>
  <div
    class="c0"
    id="gender-toggle"
  >
    <label
      class="c1 c2"
      for="gender-toggle"
    >
      Female
    </label>
    <div
      class="sc-12atfcu-0 c3"
      disabled=""
    >
      <input
        class="c4"
        disabled=""
        id="Female"
        name="gender"
        type="checkbox"
      />
      <div
        class="c5 c6"
      >
        <div
          class="c7 c8"
        />
      </div>
    </div>
  </div>
</div>
`;
