// Jest Snapshot v1, https://goo.gl/fbAQLP

exports[`Modal component header should render properly at small screen size 1`] = `
.c1 {
  margin: 0;
  color: inherit;
  font-size: 2.4rem;
  font-weight: 400;
  -webkit-letter-spacing: -0.04rem;
  -moz-letter-spacing: -0.04rem;
  -ms-letter-spacing: -0.04rem;
  letter-spacing: -0.04rem;
  line-height: 3.2rem;
  text-align: initial;
}

.c0 {
  box-sizing: border-box;
  background-color: #ffffff;
  width: 100%;
  border-top-left-radius: 1.2rem;
  border-top-right-radius: 1.2rem;
  z-index: 10;
  color: #13181D;
  position: fixed;
  padding: 1.6rem 5.6rem 1.6rem 1.6rem;
  box-shadow: 0 1.8rem 1.6rem -1.6rem rgba(176,188,200,0.6);
}

@media (min-width:768px) {
  .c0 {
    position: relative;
    padding: 3.2rem 5.6rem 1.6rem 3.2rem;
  }
}

@media (min-width:768px) and (max-height:700px) {
  .c0 {
    -webkit-transition: padding 100ms linear;
    transition: padding 100ms linear;
    padding: 3.2rem 3.2rem 1.6rem 3.2rem;
  }
}

@media (min-width:768px) {

}

<div>
  <div
    class="c0"
    id="default-id-header"
  >
    <h3
      class="c1"
    >
      test
    </h3>
  </div>
</div>
`;
