// Jest Snapshot v1, https://goo.gl/fbAQLP

exports[`CustomDateRangeOptions should render properly  1`] = `
.c4 {
  margin: 0;
  color: inherit;
  font-size: 1.4rem;
  font-weight: 400;
  -webkit-letter-spacing: 0rem;
  -moz-letter-spacing: 0rem;
  -ms-letter-spacing: 0rem;
  letter-spacing: 0rem;
  line-height: 2.2rem;
  text-align: initial;
}

.c2 {
  cursor: pointer;
  padding: 0 0.8rem;
  border-radius: 0.4rem;
  box-sizing: border-box;
  min-height: 4rem;
  display: -webkit-box;
  display: -webkit-flex;
  display: -ms-flexbox;
  display: flex;
  -webkit-align-items: center;
  -webkit-box-align: center;
  -ms-flex-align: center;
  align-items: center;
  position: relative;
  background-color: #ffffff;
  min-width: -webkit-fit-content;
  min-width: -moz-fit-content;
  min-width: fit-content;
}

.c2:hover {
  background-color: #F7F8F9;
}

.c2:active {
  background-color: #eff2f4;
}

.c2 > .c3 {
  -webkit-flex: 1;
  -ms-flex: 1;
  flex: 1;
  -webkit-user-select: none;
  -moz-user-select: none;
  -ms-user-select: none;
  user-select: none;
  white-space: nowrap;
  color: #13181D;
}

.c2 > .sc-AxirZ {
  margin-left: 1.6rem;
}

.c2 > .sc-AxirZ * {
  fill: #13181D;
}

.c0 {
  z-index: 4;
  position: absolute;
  background: #ffffff;
  top: 4rem;
  left: 0;
  margin: 0;
  padding: 0.8rem;
  width: 100%;
  min-width: -webkit-fit-content;
  min-width: -moz-fit-content;
  min-width: fit-content;
  list-style: none;
  box-sizing: border-box;
  box-shadow: 0 0.2rem 0.8rem #B0BCC8;
  border-radius: 0.4rem;
  overflow: auto;
  max-height: 20rem;
}

.c1 {
  height: -webkit-max-content;
  height: -moz-max-content;
  height: max-content;
  bottom: calc(100% + 0px);
  left: 50%;
  -webkit-transform: translateX(-50%);
  -ms-transform: translateX(-50%);
  transform: translateX(-50%);
  top: unset;
}

<ul
  class="c0 c1"
  id="contract-custom-date-range-options"
>
  <li
    class="c2"
    id="Current-Week"
  >
    <span
      class="c3 c4"
    >
      Current Week
    </span>
  </li>
  <li
    class="c2"
    id="Current-Month"
  >
    <span
      class="c3 c4"
    >
      Current Month
    </span>
  </li>
  <li
    class="c2"
    id="Current-Quarter"
  >
    <span
      class="c3 c4"
    >
      Current Quarter
    </span>
  </li>
  <li
    class="c2"
    id="Current-Year"
  >
    <span
      class="c3 c4"
    >
      Current Year
    </span>
  </li>
  <li
    class="c2"
    id="Custom"
  >
    <span
      class="c3 c4"
    >
      Custom
    </span>
  </li>
</ul>
`;
