// Jest Snapshot v1, https://goo.gl/fbAQLP

exports[`NavList should render properly 1`] = `
.c0 {
  flex: 1;
  padding: 0;
  margin: 0;
  list-style-type: none;
  overflow-x: hidden;
  overflow-y: auto;
}

.c0::-webkit-scrollbar {
  width: 0.5rem;
  background-color: #ffffff;
}

.c0::-webkit-scrollbar-thumb {
  border-radius: 1rem;
  background-color: #98A7B7;
}

<div>
  <ul
    class="c0"
  >
    Dummy
  </ul>
</div>
`;
