// Jest Snapshot v1, https://goo.gl/fbAQLP

exports[`Input component should render correctly when fullWidth & required props are falsy 1`] = `
.c1 {
  color: #13181D;
  font-size: 1.4rem;
  font-weight: 400;
  -webkit-letter-spacing: 0rem;
  -moz-letter-spacing: 0rem;
  -ms-letter-spacing: 0rem;
  letter-spacing: 0rem;
  line-height: 2.2rem;
  margin: 0px 0.8rem 0px 0px;
  cursor: default;
}

.c5 {
  margin: 0;
  color: inherit;
  font-size: 1.4rem;
  font-weight: 400;
  -webkit-letter-spacing: 0rem;
  -moz-letter-spacing: 0rem;
  -ms-letter-spacing: 0rem;
  letter-spacing: 0rem;
  line-height: 2.2rem;
  text-align: initial;
  display: inline-block;
}

.c2 {
  grid-area: label;
  -webkit-align-self: center;
  -ms-flex-item-align: center;
  align-self: center;
  -webkit-user-select: none;
  -moz-user-select: none;
  -ms-user-select: none;
  user-select: none;
}

.c6 {
  grid-area: description;
  margin: 5px 0 0 2px;
  color: #012040;
}

.c0 {
  margin: 0.8rem 0.8rem 0.8rem 0;
  display: inline-grid;
  -webkit-align-items: center;
  -webkit-box-align: center;
  -ms-flex-align: center;
  align-items: center;
  grid-template-columns: minmax(max-content,25%) minmax(auto,80%);
  grid-template-areas: 'label field' 'random description';
}

.c0 .sc-12atfcu-0 {
  display: -webkit-inline-box;
  display: -webkit-inline-flex;
  display: -ms-inline-flexbox;
  display: inline-flex;
  -webkit-align-items: center;
  -webkit-box-align: center;
  -ms-flex-align: center;
  align-items: center;
  -webkit-flex-direction: row;
  -ms-flex-direction: row;
  flex-direction: row;
}

.c3 {
  grid-area: field;
  -webkit-flex-wrap: wrap;
  -ms-flex-wrap: wrap;
  flex-wrap: wrap;
  margin-left: 0px;
  display: -webkit-box;
  display: -webkit-flex;
  display: -ms-flexbox;
  display: flex;
  background-clip: padding-box;
  box-sizing: border-box;
  border: 1px solid #b0bcc8;
  border-radius: 5px;
  overflow: hidden;
  width: -webkit-max-content;
  width: -moz-max-content;
  width: max-content;
  height: -webkit-max-content;
  height: -moz-max-content;
  height: max-content;
}

.c3.c3.c3 {
  -webkit-flex-direction: row;
  -ms-flex-direction: row;
  flex-direction: row;
  -webkit-align-items: center;
  -webkit-box-align: center;
  -ms-flex-align: center;
  align-items: center;
}

.c3:focus-within {
  border-color: #012040;
}

.c3 > * {
  font-size: 1.4rem;
  font-weight: 400;
  -webkit-letter-spacing: 0rem;
  -moz-letter-spacing: 0rem;
  -ms-letter-spacing: 0rem;
  letter-spacing: 0rem;
  line-height: 2.2rem;
  font-family: Open Sans,Helvetica Neue,Helvetica,Arial,sans-serif;
  padding: 0.8rem;
  color: #435465;
}

.c4 {
  -webkit-flex: 1;
  -ms-flex: 1;
  flex: 1;
  outline: 0;
  border: 0;
  width: calc(100% - 16px);
  cursor: inherit;
  background-color: #ffffff;
}

.c4::-webkit-input-placeholder {
  color: #98A7B7;
}

.c4::-moz-placeholder {
  color: #98A7B7;
}

.c4:-ms-input-placeholder {
  color: #98A7B7;
}

.c4::placeholder {
  color: #98A7B7;
}

.c4::-webkit-file-upload-button {
  visibility: hidden;
}

<div>
  <div
    class="c0"
    id="medly-input-field"
  >
    <label
      class="c1 c2"
      for="medly-input"
    >
      Email Address
    </label>
    <div
      class="sc-12atfcu-0 c3"
    >
      <input
        class="c4"
        id="medly-input"
        placeholder="Enter Email Address"
        type="email"
      />
    </div>
    <span
      class="c5 c6"
    >
      We will never share your email with anyone
    </span>
  </div>
</div>
`;

exports[`Input component should render correctly when it is disabled 1`] = `
.c0 {
  margin: 0.8rem 0.8rem 0.8rem 0;
  display: inline-grid;
  -webkit-align-items: center;
  -webkit-box-align: center;
  -ms-flex-align: center;
  align-items: center;
  grid-template-areas: 'label' 'field' 'description';
  grid-template-columns: auto;
  grid-template-areas: 'field' 'description';
}

.c0 .sc-12atfcu-0 {
  display: -webkit-inline-box;
  display: -webkit-inline-flex;
  display: -ms-inline-flexbox;
  display: inline-flex;
  -webkit-align-items: flex-start;
  -webkit-box-align: flex-start;
  -ms-flex-align: flex-start;
  align-items: flex-start;
  -webkit-flex-direction: column;
  -ms-flex-direction: column;
  flex-direction: column;
}

.c1 {
  grid-area: field;
  -webkit-flex-wrap: wrap;
  -ms-flex-wrap: wrap;
  flex-wrap: wrap;
  margin-left: 0px;
  display: -webkit-box;
  display: -webkit-flex;
  display: -ms-flexbox;
  display: flex;
  background-clip: padding-box;
  box-sizing: border-box;
  border: 1px solid #b0bcc8;
  border-radius: 5px;
  overflow: hidden;
  width: -webkit-max-content;
  width: -moz-max-content;
  width: max-content;
  height: -webkit-max-content;
  height: -moz-max-content;
  height: max-content;
}

.c1.c1.c1 {
  -webkit-flex-direction: row;
  -ms-flex-direction: row;
  flex-direction: row;
  -webkit-align-items: center;
  -webkit-box-align: center;
  -ms-flex-align: center;
  align-items: center;
}

.c1:focus-within {
  border-color: #012040;
}

.c1 > * {
  font-size: 1.4rem;
  font-weight: 400;
  -webkit-letter-spacing: 0rem;
  -moz-letter-spacing: 0rem;
  -ms-letter-spacing: 0rem;
  letter-spacing: 0rem;
  line-height: 2.2rem;
  font-family: Open Sans,Helvetica Neue,Helvetica,Arial,sans-serif;
  padding: 0.8rem;
  color: #435465;
}

.c2 {
  -webkit-flex: 1;
  -ms-flex: 1;
  flex: 1;
  outline: 0;
  border: 0;
  width: calc(100% - 16px);
  cursor: not-allowed;
  background-color: #C7D0D8;
}

.c2::-webkit-input-placeholder {
  color: #98A7B7;
}

.c2::-moz-placeholder {
  color: #98A7B7;
}

.c2:-ms-input-placeholder {
  color: #98A7B7;
}

.c2::placeholder {
  color: #98A7B7;
}

.c2::-webkit-file-upload-button {
  visibility: hidden;
}

<div>
  <div
    class="c0"
    id="email-input-field"
  >
    
    <div
      class="sc-12atfcu-0 c1"
    >
      <input
        class="c2"
        disabled=""
        id="email-input"
        placeholder="Enter Email Address"
        type="text"
      />
    </div>
    
  </div>
</div>
`;

exports[`Input component should render correctly when label and description are not given 1`] = `
.c0 {
  margin: 0.8rem 0.8rem 0.8rem 0;
  display: inline-grid;
  -webkit-align-items: center;
  -webkit-box-align: center;
  -ms-flex-align: center;
  align-items: center;
  grid-template-areas: 'label' 'field' 'description';
  grid-template-columns: auto;
  grid-template-areas: 'field' 'description';
}

.c0 .sc-12atfcu-0 {
  display: -webkit-inline-box;
  display: -webkit-inline-flex;
  display: -ms-inline-flexbox;
  display: inline-flex;
  -webkit-align-items: flex-start;
  -webkit-box-align: flex-start;
  -ms-flex-align: flex-start;
  align-items: flex-start;
  -webkit-flex-direction: column;
  -ms-flex-direction: column;
  flex-direction: column;
}

.c1 {
  grid-area: field;
  -webkit-flex-wrap: wrap;
  -ms-flex-wrap: wrap;
  flex-wrap: wrap;
  margin-left: 0px;
  display: -webkit-box;
  display: -webkit-flex;
  display: -ms-flexbox;
  display: flex;
  background-clip: padding-box;
  box-sizing: border-box;
  border: 1px solid #b0bcc8;
  border-radius: 5px;
  overflow: hidden;
  width: -webkit-max-content;
  width: -moz-max-content;
  width: max-content;
  height: -webkit-max-content;
  height: -moz-max-content;
  height: max-content;
}

.c1.c1.c1 {
  -webkit-flex-direction: row;
  -ms-flex-direction: row;
  flex-direction: row;
  -webkit-align-items: center;
  -webkit-box-align: center;
  -ms-flex-align: center;
  align-items: center;
}

.c1:focus-within {
  border-color: #012040;
}

.c1 > * {
  font-size: 1.4rem;
  font-weight: 400;
  -webkit-letter-spacing: 0rem;
  -moz-letter-spacing: 0rem;
  -ms-letter-spacing: 0rem;
  letter-spacing: 0rem;
  line-height: 2.2rem;
  font-family: Open Sans,Helvetica Neue,Helvetica,Arial,sans-serif;
  padding: 0.8rem;
  color: #435465;
}

.c2 {
  -webkit-flex: 1;
  -ms-flex: 1;
  flex: 1;
  outline: 0;
  border: 0;
  width: calc(100% - 16px);
  cursor: inherit;
  background-color: #ffffff;
}

.c2::-webkit-input-placeholder {
  color: #98A7B7;
}

.c2::-moz-placeholder {
  color: #98A7B7;
}

.c2:-ms-input-placeholder {
  color: #98A7B7;
}

.c2::placeholder {
  color: #98A7B7;
}

.c2::-webkit-file-upload-button {
  visibility: hidden;
}

<div>
  <div
    class="c0"
    id="email-input-field"
  >
    
    <div
      class="sc-12atfcu-0 c1"
    >
      <input
        class="c2"
        id="email-input"
        placeholder="Enter Email Address"
        type="email"
      />
    </div>
    
  </div>
</div>
`;

exports[`Input component should render correctly with all the props given 1`] = `
.c1 {
  color: #13181D;
  font-size: 1.4rem;
  font-weight: 400;
  -webkit-letter-spacing: 0rem;
  -moz-letter-spacing: 0rem;
  -ms-letter-spacing: 0rem;
  letter-spacing: 0rem;
  line-height: 2.2rem;
  margin: 0px 0px 0.8rem 0px;
  cursor: default;
}

.c1::after {
  color: red;
  content: ' *';
}

.c7 {
  margin: 0;
  color: grey;
  font-size: 1.4rem;
  font-weight: 400;
  -webkit-letter-spacing: 0rem;
  -moz-letter-spacing: 0rem;
  -ms-letter-spacing: 0rem;
  letter-spacing: 0rem;
  line-height: 2.2rem;
  text-align: initial;
  display: inline-block;
}

.c2 {
  grid-area: label;
  -webkit-align-self: center;
  -ms-flex-item-align: center;
  align-self: center;
  -webkit-user-select: none;
  -moz-user-select: none;
  -ms-user-select: none;
  user-select: none;
}

.c8 {
  grid-area: description;
  margin: 5px 0 0 2px;
  color: grey;
}

.c0 {
  margin: 0.8rem 0;
  display: grid;
  -webkit-align-items: center;
  -webkit-box-align: center;
  -ms-flex-align: center;
  align-items: center;
  grid-template-areas: 'label' 'field' 'description';
}

.c0 .sc-12atfcu-0 {
  display: -webkit-box;
  display: -webkit-flex;
  display: -ms-flexbox;
  display: flex;
  -webkit-align-items: flex-start;
  -webkit-box-align: flex-start;
  -ms-flex-align: flex-start;
  align-items: flex-start;
  -webkit-flex-direction: column;
  -ms-flex-direction: column;
  flex-direction: column;
}

.c3 {
  grid-area: field;
  -webkit-flex-wrap: wrap;
  -ms-flex-wrap: wrap;
  flex-wrap: wrap;
  margin-left: 0px;
  display: -webkit-box;
  display: -webkit-flex;
  display: -ms-flexbox;
  display: flex;
  background-clip: padding-box;
  box-sizing: border-box;
  border: 1px solid #b0bcc8;
  border-radius: 5px;
  overflow: hidden;
  width: 100%;
  height: -webkit-max-content;
  height: -moz-max-content;
  height: max-content;
}

.c3.c3.c3 {
  -webkit-flex-direction: row;
  -ms-flex-direction: row;
  flex-direction: row;
  -webkit-align-items: center;
  -webkit-box-align: center;
  -ms-flex-align: center;
  align-items: center;
}

.c3:focus-within {
  border-color: #012040;
}

.c3 > * {
  font-size: 1.4rem;
  font-weight: 400;
  -webkit-letter-spacing: 0rem;
  -moz-letter-spacing: 0rem;
  -ms-letter-spacing: 0rem;
  letter-spacing: 0rem;
  line-height: 2.2rem;
  font-family: Open Sans,Helvetica Neue,Helvetica,Arial,sans-serif;
  padding: 0.8rem;
  color: #435465;
}

.c5 {
  -webkit-flex: 1;
  -ms-flex: 1;
  flex: 1;
  outline: 0;
  border: 0;
  width: calc(100% - 16px);
  cursor: inherit;
  background-color: #ffffff;
}

.c5::-webkit-input-placeholder {
  color: #98A7B7;
}

.c5::-moz-placeholder {
  color: #98A7B7;
}

.c5:-ms-input-placeholder {
  color: #98A7B7;
}

.c5::placeholder {
  color: #98A7B7;
}

.c5::-webkit-file-upload-button {
  visibility: hidden;
}

.c4 {
  background-color: #eff2f4;
}

.c6 {
  background-color: #eff2f4;
}

<div>
  <div
    class="c0"
    id="email-input-field"
  >
    <label
      class="c1 c2"
      for="email-input"
      required=""
    >
      Email Address
    </label>
    <div
      class="sc-12atfcu-0 c3"
    >
      <span
        class="c4"
      >
        www.
      </span>
      <input
        class="c5"
        id="email-input"
        placeholder="Enter Email Address"
        required=""
        type="email"
      />
      <span
        class="c6"
      >
        .com
      </span>
    </div>
    <span
      class="c7 c8"
    >
      We will never share your email with anyone
    </span>
  </div>
</div>
`;
