// Jest Snapshot v1, https://goo.gl/fbAQLP

exports[`FieldWithLabel component should render properly when lable is not present 1`] = `
.c3 {
  margin: 0;
  color: inherit;
  font-size: 1.4rem;
  font-weight: 400;
  -webkit-letter-spacing: 0rem;
  -moz-letter-spacing: 0rem;
  -ms-letter-spacing: 0rem;
  letter-spacing: 0rem;
  line-height: 2.2rem;
  text-align: initial;
  display: inline-block;
}

.c2 {
  grid-area: field;
  -webkit-flex-wrap: wrap;
  -ms-flex-wrap: wrap;
  flex-wrap: wrap;
  margin-left: 17px;
}

.c4 {
  grid-area: description;
  margin: 5px 0 0 2px;
  color: #012040;
}

.c0 {
  margin: 0.8rem 0.8rem 0.8rem 0;
  display: inline-grid;
  -webkit-align-items: center;
  -webkit-box-align: center;
  -ms-flex-align: center;
  align-items: center;
  grid-template-columns: minmax(max-content,25%) minmax(auto,80%);
  grid-template-areas: 'label field' 'random description';
  grid-template-columns: auto;
  grid-template-areas: 'field' 'description';
}

.c0 .c1 {
  display: -webkit-inline-box;
  display: -webkit-inline-flex;
  display: -ms-inline-flexbox;
  display: inline-flex;
  -webkit-align-items: center;
  -webkit-box-align: center;
  -ms-flex-align: center;
  align-items: center;
  -webkit-flex-direction: row;
  -ms-flex-direction: row;
  flex-direction: row;
}

<div>
  <div
    class="c0"
  >
    <div
      class="c1 c2"
    >
      Dummy Field
    </div>
    <span
      class="c3 c4"
    >
      Dummy Description
    </span>
  </div>
</div>
`;

exports[`FieldWithLabel component should render properly with props labelPosition: bottom, fullWidth: false, fieldWithMaxContent: false 1`] = `
.c1 {
  color: #13181D;
  font-size: 1.4rem;
  font-weight: 400;
  -webkit-letter-spacing: 0rem;
  -moz-letter-spacing: 0rem;
  -ms-letter-spacing: 0rem;
  letter-spacing: 0rem;
  line-height: 2.2rem;
  margin: 0px 0.8rem 0px 0px;
  cursor: default;
}

.c5 {
  margin: 0;
  color: inherit;
  font-size: 1.4rem;
  font-weight: 400;
  -webkit-letter-spacing: 0rem;
  -moz-letter-spacing: 0rem;
  -ms-letter-spacing: 0rem;
  letter-spacing: 0rem;
  line-height: 2.2rem;
  text-align: initial;
  display: inline-block;
}

.c4 {
  grid-area: field;
  -webkit-flex-wrap: wrap;
  -ms-flex-wrap: wrap;
  flex-wrap: wrap;
  margin-left: 0px;
}

.c2 {
  grid-area: label;
  -webkit-align-self: center;
  -ms-flex-item-align: center;
  align-self: center;
  -webkit-user-select: none;
  -moz-user-select: none;
  -ms-user-select: none;
  user-select: none;
}

.c6 {
  grid-area: description;
  margin: 5px 0 0 2px;
  color: #012040;
}

.c0 {
  margin: 0.8rem 0.8rem 0.8rem 0;
  display: inline-grid;
  -webkit-align-items: center;
  -webkit-box-align: center;
  -ms-flex-align: center;
  align-items: center;
  min-width: 300px;
  grid-template-areas: 'field' 'description' 'label';
}

.c0 .c3 {
  display: -webkit-inline-box;
  display: -webkit-inline-flex;
  display: -ms-inline-flexbox;
  display: inline-flex;
  -webkit-align-items: flex-start;
  -webkit-box-align: flex-start;
  -ms-flex-align: flex-start;
  align-items: flex-start;
  -webkit-flex-direction: column-reverse;
  -ms-flex-direction: column-reverse;
  flex-direction: column-reverse;
}

<div>
  <div
    class="c0"
  >
    <label
      class="c1 c2"
    >
      Dummy Label
    </label>
    <div
      class="c3 c4"
    >
      Dummy Field
    </div>
    <span
      class="c5 c6"
    >
      Dummy Description
    </span>
  </div>
</div>
`;

exports[`FieldWithLabel component should render properly with props labelPosition: left, fullWidth: true, fieldWithMaxContent: true 1`] = `
.c1 {
  color: #13181D;
  font-size: 1.4rem;
  font-weight: 400;
  -webkit-letter-spacing: 0rem;
  -moz-letter-spacing: 0rem;
  -ms-letter-spacing: 0rem;
  letter-spacing: 0rem;
  line-height: 2.2rem;
  margin: 0px 0.8rem 0px 0px;
  cursor: default;
}

.c5 {
  margin: 0;
  color: inherit;
  font-size: 1.4rem;
  font-weight: 400;
  -webkit-letter-spacing: 0rem;
  -moz-letter-spacing: 0rem;
  -ms-letter-spacing: 0rem;
  letter-spacing: 0rem;
  line-height: 2.2rem;
  text-align: initial;
  display: inline-block;
}

.c4 {
  grid-area: field;
  -webkit-flex-wrap: wrap;
  -ms-flex-wrap: wrap;
  flex-wrap: wrap;
  margin-left: 0px;
}

.c2 {
  grid-area: label;
  -webkit-align-self: center;
  -ms-flex-item-align: center;
  align-self: center;
  -webkit-user-select: none;
  -moz-user-select: none;
  -ms-user-select: none;
  user-select: none;
}

.c6 {
  grid-area: description;
  margin: 5px 0 0 2px;
  color: #012040;
}

.c0 {
  margin: 0.8rem 0;
  display: grid;
  -webkit-align-items: center;
  -webkit-box-align: center;
  -ms-flex-align: center;
  align-items: center;
  min-width: 300px;
  grid-template-columns: minmax(max-content,25%) max-content;
  grid-template-areas: 'label field' 'random description';
}

.c0 .c3 {
  display: -webkit-box;
  display: -webkit-flex;
  display: -ms-flexbox;
  display: flex;
  -webkit-align-items: center;
  -webkit-box-align: center;
  -ms-flex-align: center;
  align-items: center;
  -webkit-flex-direction: row;
  -ms-flex-direction: row;
  flex-direction: row;
}

<div>
  <div
    class="c0"
  >
    <label
      class="c1 c2"
    >
      Dummy Label
    </label>
    <div
      class="c3 c4"
    >
      Dummy Field
    </div>
    <span
      class="c5 c6"
    >
      Dummy Description
    </span>
  </div>
</div>
`;

exports[`FieldWithLabel component should render properly with props labelPosition: right, fullWidth: true, fieldWithMaxContent: false 1`] = `
.c1 {
  color: #13181D;
  font-size: 1.4rem;
  font-weight: 400;
  -webkit-letter-spacing: 0rem;
  -moz-letter-spacing: 0rem;
  -ms-letter-spacing: 0rem;
  letter-spacing: 0rem;
  line-height: 2.2rem;
  margin: 0px 0.8rem 0px 0px;
  cursor: default;
}

.c5 {
  margin: 0;
  color: inherit;
  font-size: 1.4rem;
  font-weight: 400;
  -webkit-letter-spacing: 0rem;
  -moz-letter-spacing: 0rem;
  -ms-letter-spacing: 0rem;
  letter-spacing: 0rem;
  line-height: 2.2rem;
  text-align: initial;
  display: inline-block;
}

.c4 {
  grid-area: field;
  -webkit-flex-wrap: wrap;
  -ms-flex-wrap: wrap;
  flex-wrap: wrap;
  margin-left: 0px;
}

.c2 {
  grid-area: label;
  -webkit-align-self: center;
  -ms-flex-item-align: center;
  align-self: center;
  -webkit-user-select: none;
  -moz-user-select: none;
  -ms-user-select: none;
  user-select: none;
}

.c6 {
  grid-area: description;
  margin: 5px 0 0 2px;
  color: #012040;
}

.c0 {
  margin: 0.8rem 0;
  display: grid;
  -webkit-align-items: center;
  -webkit-box-align: center;
  -ms-flex-align: center;
  align-items: center;
  min-width: 300px;
  grid-template-columns: minmax(max-content,80%) minmax(max-content,25%);
  grid-template-areas: 'field label' 'description random';
}

.c0 .c3 {
  display: -webkit-box;
  display: -webkit-flex;
  display: -ms-flexbox;
  display: flex;
  -webkit-align-items: center;
  -webkit-box-align: center;
  -ms-flex-align: center;
  align-items: center;
  -webkit-flex-direction: row-reverse;
  -ms-flex-direction: row-reverse;
  flex-direction: row-reverse;
}

<div>
  <div
    class="c0"
  >
    <label
      class="c1 c2"
    >
      Dummy Label
    </label>
    <div
      class="c3 c4"
    >
      Dummy Field
    </div>
    <span
      class="c5 c6"
    >
      Dummy Description
    </span>
  </div>
</div>
`;

exports[`FieldWithLabel component should render properly with props labelPosition: top, fullWidth: false, fieldWithMaxContent: true 1`] = `
.c1 {
  color: #13181D;
  font-size: 1.4rem;
  font-weight: 400;
  -webkit-letter-spacing: 0rem;
  -moz-letter-spacing: 0rem;
  -ms-letter-spacing: 0rem;
  letter-spacing: 0rem;
  line-height: 2.2rem;
  margin: 0px 0.8rem 0px 0px;
  cursor: default;
}

.c5 {
  margin: 0;
  color: inherit;
  font-size: 1.4rem;
  font-weight: 400;
  -webkit-letter-spacing: 0rem;
  -moz-letter-spacing: 0rem;
  -ms-letter-spacing: 0rem;
  letter-spacing: 0rem;
  line-height: 2.2rem;
  text-align: initial;
  display: inline-block;
}

.c4 {
  grid-area: field;
  -webkit-flex-wrap: wrap;
  -ms-flex-wrap: wrap;
  flex-wrap: wrap;
  margin-left: 0px;
}

.c2 {
  grid-area: label;
  -webkit-align-self: center;
  -ms-flex-item-align: center;
  align-self: center;
  -webkit-user-select: none;
  -moz-user-select: none;
  -ms-user-select: none;
  user-select: none;
}

.c6 {
  grid-area: description;
  margin: 5px 0 0 2px;
  color: #012040;
}

.c0 {
  margin: 0.8rem 0.8rem 0.8rem 0;
  display: inline-grid;
  -webkit-align-items: center;
  -webkit-box-align: center;
  -ms-flex-align: center;
  align-items: center;
  min-width: 300px;
  grid-template-areas: 'label' 'field' 'description';
}

.c0 .c3 {
  display: -webkit-inline-box;
  display: -webkit-inline-flex;
  display: -ms-inline-flexbox;
  display: inline-flex;
  -webkit-align-items: flex-start;
  -webkit-box-align: flex-start;
  -ms-flex-align: flex-start;
  align-items: flex-start;
  -webkit-flex-direction: column;
  -ms-flex-direction: column;
  flex-direction: column;
}

<div>
  <div
    class="c0"
  >
    <label
      class="c1 c2"
    >
      Dummy Label
    </label>
    <div
      class="c3 c4"
    >
      Dummy Field
    </div>
    <span
      class="c5 c6"
    >
      Dummy Description
    </span>
  </div>
</div>
`;
