// Jest Snapshot v1, https://goo.gl/fbAQLP

exports[`Center Aligned Loader should render properly with all props given 1`] = `
.c2 {
  font-size: 48px;
}

.c2 * {
  fill: #3872D2;
}

.c4 {
  margin: 0;
  color: inherit;
  font-size: 1.4rem;
  font-weight: 400;
  -webkit-letter-spacing: 0rem;
  -moz-letter-spacing: 0rem;
  -ms-letter-spacing: 0rem;
  letter-spacing: 0rem;
  line-height: 2.2rem;
  text-align: initial;
  display: inline-block;
}

.c0 {
  height: 100%;
  width: 100%;
  display: -webkit-box;
  display: -webkit-flex;
  display: -ms-flexbox;
  display: flex;
  -webkit-box-pack: center;
  -webkit-justify-content: center;
  -ms-flex-pack: center;
  justify-content: center;
  -webkit-align-items: center;
  -webkit-box-align: center;
  -ms-flex-align: center;
  align-items: center;
  z-index: 1001;
  position: absolute;
  background-color: rgba(255,255,255,0.75);
}

.c0 > * {
  -webkit-animation: hHgZmL 300ms ease-in-out;
  animation: hHgZmL 300ms ease-in-out;
}

.c1 {
  box-sizing: border-box;
  background-color: #ffffff;
  height: 14.4rem;
  width: 14.4rem;
  display: -webkit-box;
  display: -webkit-flex;
  display: -ms-flexbox;
  display: flex;
  -webkit-align-items: center;
  -webkit-box-align: center;
  -ms-flex-align: center;
  align-items: center;
  -webkit-box-pack: center;
  -webkit-justify-content: center;
  -ms-flex-pack: center;
  justify-content: center;
  -webkit-flex-direction: column;
  -ms-flex-direction: column;
  flex-direction: column;
  box-shadow: 0 0.4rem 1.6rem rgba(96,120,144,0.2);
  border-radius: 1rem;
}

.c1 .c3 {
  margin-top: 1.4rem;
  color: #546A7F;
}

<div>
  <div
    class="c0"
  >
    <div
      class="c1"
    >
      <svg
        class="c2"
        height="1em"
        viewBox="0 0 100 100"
        width="1em"
        xmlns="http://www.w3.org/2000/svg"
      >
        <path
          d="M31.6 3.5C5.9 13.6-6.6 42.7 3.5 68.4c10.1 25.7 39.2 38.3 64.9 28.1l-3.1-7.9C44 97 19.9 86.6 11.5 65.3c-8.4-21.3 2-45.4 23.3-53.8l-3.2-8z"
        >
          <animatetransform
            attributeName="transform"
            attributeType="XML"
            dur="2s"
            from="0 50 50"
            repeatCount="indefinite"
            to="360 50 50"
            type="rotate"
          />
        </path>
        <path
          d="M42.3 39.6c5.7-4.3 13.9-3.1 18.1 2.7 4.3 5.7 3.1 13.9-2.7 18.1l4.1 5.5c8.8-6.5 10.6-19 4.1-27.7-6.5-8.8-19-10.6-27.7-4.1l4.1 5.5z"
        >
          <animatetransform
            attributeName="transform"
            attributeType="XML"
            dur="1s"
            from="0 50 50"
            repeatCount="indefinite"
            to="-360 50 50"
            type="rotate"
          />
        </path>
        <path
          d="M82 35.7C74.1 18 53.4 10.1 35.7 18S10.1 46.6 18 64.3l7.6-3.4c-6-13.5 0-29.3 13.5-35.3s29.3 0 35.3 13.5l7.6-3.4z"
        >
          <animatetransform
            attributeName="transform"
            attributeType="XML"
            dur="2s"
            from="0 50 50"
            repeatCount="indefinite"
            to="360 50 50"
            type="rotate"
          />
        </path>
      </svg>
      <span
        class="c3 c4"
      >
        Loading...
      </span>
    </div>
  </div>
</div>
`;

exports[`Center Aligned Loader should render properly with default props 1`] = `
.c0 {
  height: 100%;
  width: 100%;
  display: -webkit-box;
  display: -webkit-flex;
  display: -ms-flexbox;
  display: flex;
  -webkit-box-pack: center;
  -webkit-justify-content: center;
  -ms-flex-pack: center;
  justify-content: center;
  -webkit-align-items: center;
  -webkit-box-align: center;
  -ms-flex-align: center;
  align-items: center;
  z-index: 1001;
  position: relative;
}

.c0 > * {
  -webkit-animation: hHgZmL 300ms ease-in;
  animation: hHgZmL 300ms ease-in;
}

<div>
  <div
    class="c0"
  >
    <svg
      class="sc-qPLKk NhgoW"
      fill="none"
      height="51"
      viewBox="0 0 51 51"
      width="51"
      xmlns="http://www.w3.org/2000/svg"
    >
      <circle
        cx="25.5"
        cy="25.5"
        r="24"
        stroke="url(#lg)"
        stroke-width="3"
      >
        <animatetransform
          attributeName="transform"
          attributeType="XML"
          dur="900ms"
          from="0 25.5 25.5"
          repeatCount="indefinite"
          to="360 25.5 25.5"
          type="rotate"
        />
      </circle>
      <defs>
        <lineargradient
          id="lg"
        >
          <stop
            offset="70%"
            stop-color="#EFF2F4"
          />
          <stop
            offset="95%"
            stop-color="#546A7F"
          />
        </lineargradient>
      </defs>
    </svg>
  </div>
</div>
`;
